TAP version 13
# Subtest: goods receipt: duties, idempotent creation, four-eyes, one posting under concurrency
ok 1 - goods receipt: duties, idempotent creation, four-eyes, one posting under concurrency
  ---
  duration_ms: 518.226139
  type: 'test'
  ...
# Subtest: cost of sales is not entered by hand; a draft is edited or deleted only by its preparer's duty
ok 2 - cost of sales is not entered by hand; a draft is edited or deleted only by its preparer's duty
  ---
  duration_ms: 198.192901
  type: 'test'
  ...
# Subtest: a roasting batch becomes a production; the loss is within the approved band; reports tie to the ledger
ok 3 - a roasting batch becomes a production; the loss is within the approved band; reports tie to the ledger
  ---
  duration_ms: 238.826449
  type: 'test'
  ...
# Subtest: back-dating over a posted movement is refused over HTTP
ok 4 - back-dating over a posted movement is refused over HTTP
  ---
  duration_ms: 232.517971
  type: 'test'
  ...
# Subtest: the runtime role cannot bypass the inventory guards in SQL
ok 5 - the runtime role cannot bypass the inventory guards in SQL
  ---
  duration_ms: 11.614322
  type: 'test'
  ...
1..5
# tests 5
# suites 0
# pass 5
# fail 0
# cancelled 0
# skipped 0
# todo 0
# duration_ms 1310.979919
