TAP version 13
# Subtest: amounts and dates convert exactly: Decimal SAR → halalas, UTC instant → Riyadh date
ok 1 - amounts and dates convert exactly: Decimal SAR → halalas, UTC instant → Riyadh date
  ---
  duration_ms: 1.54187
  type: 'test'
  ...
# Subtest: one approved collection with the same reference → MATCH by reference
ok 2 - one approved collection with the same reference → MATCH by reference
  ---
  duration_ms: 1.52235
  type: 'test'
  ...
# Subtest: no reference on the bank line → MATCH on exact amount within the window
ok 3 - no reference on the bank line → MATCH on exact amount within the window
  ---
  duration_ms: 0.26221
  type: 'test'
  ...
# Subtest: a different reference on both sides refutes an amount/date coincidence
ok 4 - a different reference on both sides refutes an amount/date coincidence
  ---
  duration_ms: 0.172349
  type: 'test'
  ...
# Subtest: two approved candidates → AMBIGUOUS; a person chooses
ok 5 - two approved candidates → AMBIGUOUS; a person chooses
  ---
  duration_ms: 0.26052
  type: 'test'
  ...
# Subtest: status gate: pending is awaiting verification; rejected and reversed are never offered
ok 6 - status gate: pending is awaiting verification; rejected and reversed are never offered
  ---
  duration_ms: 0.356458
  type: 'test'
  ...
# Subtest: one-to-one: a linked collection or a linked bank line is never matched again
ok 7 - one-to-one: a linked collection or a linked bank line is never matched again
  ---
  duration_ms: 0.116511
  type: 'test'
  ...
# Subtest: only confirmed money in; only 1:1 payment methods; SAR only; exact amount
ok 8 - only confirmed money in; only 1:1 payment methods; SAR only; exact amount
  ---
  duration_ms: 0.146043
  type: 'test'
  ...
# Subtest: accepts only the declared local disposable database
ok 9 - accepts only the declared local disposable database
  ---
  duration_ms: 1.636007
  type: 'test'
  ...
# Subtest: refuses shared endpoints, hosted providers, other hosts, ports and names
ok 10 - refuses shared endpoints, hosted providers, other hosts, ports and names
  ---
  duration_ms: 0.377866
  type: 'test'
  ...
# Subtest: NODE_ENV is irrelevant; the operator must declare the exact database
ok 11 - NODE_ENV is irrelevant; the operator must declare the exact database
  ---
  duration_ms: 0.198774
  type: 'test'
  ...
# Subtest: the server-side marker is required
ok 12 - the server-side marker is required
  ---
  duration_ms: 0.775054
  type: 'test'
  ...
# Subtest: pending outgoing line: committed when a person recorded it, a payment is booked, or it was reviewed
ok 13 - pending outgoing line: committed when a person recorded it, a payment is booked, or it was reviewed
  ---
  duration_ms: 0.673624
  type: 'test'
  ...
# Subtest: line effects: confirmed counts; committed pending outflow counts; pending inflow and unreviewed import do not
ok 14 - line effects: confirmed counts; committed pending outflow counts; pending inflow and unreviewed import do not
  ---
  duration_ms: 0.203032
  type: 'test'
  ...
# Subtest: a possible-duplicate pair counts once, whatever the combination
ok 15 - a possible-duplicate pair counts once, whatever the combination
  ---
  duration_ms: 0.416793
  type: 'test'
  ...
# Subtest: category commitment = max(balance, approved reservations, 0)
ok 16 - category commitment = max(balance, approved reservations, 0)
  ---
  duration_ms: 0.094778
  type: 'test'
  ...
# Subtest: an approved request and its unlinked payment line are matched one-to-one
ok 17 - an approved request and its unlinked payment line are matched one-to-one
  ---
  duration_ms: 7.870629
  type: 'test'
  ...
# Subtest: money
    # Subtest: parses and formats without floating point
    ok 1 - parses and formats without floating point
      ---
      duration_ms: 30.421769
      type: 'test'
      ...
    # Subtest: splitByWeights always sums exactly and is deterministic
    ok 2 - splitByWeights always sums exactly and is deterministic
      ---
      duration_ms: 1.594013
      type: 'test'
      ...
    1..2
ok 18 - money
  ---
  duration_ms: 32.913679
  type: 'suite'
  ...
# Subtest: allocation engine
    # Subtest: ACCEPTANCE 1 — SAR 10,000 at 65/5/18/7/5% is exactly 6,500 / 500 / 1,800 / 700 / 500
    ok 1 - ACCEPTANCE 1 — SAR 10,000 at 65/5/18/7/5% is exactly 6,500 / 500 / 1,800 / 700 / 500
      ---
      duration_ms: 1.313461
      type: 'test'
      ...
    # Subtest: odd amounts still allocate to the halala with no drift
    ok 2 - odd amounts still allocate to the halala with no drift
      ---
      duration_ms: 0.265123
      type: 'test'
      ...
    # Subtest: percentages above 100% and flat-percent tax reserves are refused
    ok 3 - percentages above 100% and flat-percent tax reserves are refused
      ---
      duration_ms: 0.304592
      type: 'test'
      ...
    # Subtest: execution order is fixed: VAT, percentages on one base, obligations, targets, remainder
    ok 4 - execution order is fixed: VAT, percentages on one base, obligations, targets, remainder
      ---
      duration_ms: 0.532257
      type: 'test'
      ...
    # Subtest: a run never exceeds the pool's unallocated cash
    ok 5 - a run never exceeds the pool's unallocated cash
      ---
      duration_ms: 0.52164
      type: 'test'
      ...
    # Subtest: ACCEPTANCE 5/6 (pure) — monthly target does not refill after spending; replenishing reserve does
    ok 6 - ACCEPTANCE 5/6 (pure) — monthly target does not refill after spending; replenishing reserve does
      ---
      duration_ms: 0.35861
      type: 'test'
      ...
    1..6
ok 19 - allocation engine
  ---
  duration_ms: 3.722675
  type: 'suite'
  ...
# Subtest: variance
    # Subtest: ACCEPTANCE 10 — expense budget 10,000, actual 12,000 → 2,000 overrun, +20%
    ok 1 - ACCEPTANCE 10 — expense budget 10,000, actual 12,000 → 2,000 overrun, +20%
      ---
      duration_ms: 0.363205
      type: 'test'
      ...
    # Subtest: ACCEPTANCE 11 — revenue plan 10,000, actual 8,000 → −2,000 (shortfall of 20%)
    ok 2 - ACCEPTANCE 11 — revenue plan 10,000, actual 8,000 → −2,000 (shortfall of 20%)
      ---
      duration_ms: 0.227655
      type: 'test'
      ...
    # Subtest: ACCEPTANCE 12 — spending against a zero budget is Unbudgeted, never infinite
    ok 3 - ACCEPTANCE 12 — spending against a zero budget is Unbudgeted, never infinite
      ---
      duration_ms: 0.095525
      type: 'test'
      ...
    # Subtest: expense below plan is 'below budget', not savings
    ok 4 - expense below plan is 'below budget', not savings
      ---
      duration_ms: 0.06436
      type: 'test'
      ...
    # Subtest: aggregate percentages come from aggregate amounts
    ok 5 - aggregate percentages come from aggregate amounts
      ---
      duration_ms: 0.203144
      type: 'test'
      ...
    # Subtest: threshold logic: EITHER vs BOTH
    ok 6 - threshold logic: EITHER vs BOTH
      ---
      duration_ms: 0.11066
      type: 'test'
      ...
    # Subtest: FAC = actual + remaining forecast (commitments + additional)
    ok 7 - FAC = actual + remaining forecast (commitments + additional)
      ---
      duration_ms: 0.144573
      type: 'test'
      ...
    1..7
ok 20 - variance
  ---
  duration_ms: 1.433396
  type: 'suite'
  ...
# Subtest: phasing
    # Subtest: ACCEPTANCE 14 — mid-month compares against the plan due by the reporting date
    ok 1 - ACCEPTANCE 14 — mid-month compares against the plan due by the reporting date
      ---
      duration_ms: 1.348364
      type: 'test'
      ...
    1..1
ok 21 - phasing
  ---
  duration_ms: 1.430681
  type: 'suite'
  ...
# Subtest: 13-week forecast
    # Subtest: closing becomes next opening; shortfall and conservative delay
    ok 1 - closing becomes next opening; shortfall and conservative delay
      ---
      duration_ms: 1.04812
      type: 'test'
      ...
    1..1
ok 22 - 13-week forecast
  ---
  duration_ms: 1.210116
  type: 'suite'
  ...
# Subtest: CSV
    # Subtest: two identical legitimate rows both get distinct fingerprints; re-import gives identical ones
    ok 1 - two identical legitimate rows both get distinct fingerprints; re-import gives identical ones
      ---
      duration_ms: 1.554741
      type: 'test'
      ...
    # Subtest: validation errors are reported per row
    ok 2 - validation errors are reported per row
      ---
      duration_ms: 0.220125
      type: 'test'
      ...
    1..2
ok 23 - CSV
  ---
  duration_ms: 1.882014
  type: 'suite'
  ...
# Subtest: D4a row completeness
    # Subtest: no indicators → verified zero
    ok 1 - no indicators → verified zero
      ---
      duration_ms: 1.735641
      type: 'test'
      ...
    # Subtest: an unclassified receipt awaiting review affects receipt rows only
    ok 2 - an unclassified receipt awaiting review affects receipt rows only
      ---
      duration_ms: 0.204097
      type: 'test'
      ...
    # Subtest: a line already classified to another category does not make this row incomplete
    ok 3 - a line already classified to another category does not make this row incomplete
      ---
      duration_ms: 0.10737
      type: 'test'
      ...
    # Subtest: pending lines in the row's direction count, reviewed confirmed lines do not
    ok 4 - pending lines in the row's direction count, reviewed confirmed lines do not
      ---
      duration_ms: 0.144989
      type: 'test'
      ...
    # Subtest: an account not reconciled through the report date keeps every row unverified
    ok 5 - an account not reconciled through the report date keeps every row unverified
      ---
      duration_ms: 0.150069
      type: 'test'
      ...
    1..5
ok 24 - D4a row completeness
  ---
  duration_ms: 3.109907
  type: 'suite'
  ...
# Subtest: D3b profit-like categories
    # Subtest: flags {"nameEn":"Owner profit share"}
    ok 1 - flags {"nameEn":"Owner profit share"}
      ---
      duration_ms: 0.22693
      type: 'test'
      ...
    # Subtest: flags {"nameAr":"حصة أرباح المالك"}
    ok 2 - flags {"nameAr":"حصة أرباح المالك"}
      ---
      duration_ms: 0.400609
      type: 'test'
      ...
    # Subtest: flags {"code":"AL-PROFIT"}
    ok 3 - flags {"code":"AL-PROFIT"}
      ---
      duration_ms: 0.205767
      type: 'test'
      ...
    # Subtest: flags {"nameEn":"Dividends"}
    ok 4 - flags {"nameEn":"Dividends"}
      ---
      duration_ms: 0.109147
      type: 'test'
      ...
    # Subtest: flags {"nameEn":"Partner draw"}
    ok 5 - flags {"nameEn":"Partner draw"}
      ---
      duration_ms: 0.275909
      type: 'test'
      ...
    # Subtest: flags {"nameAr":"توزيعات الشركاء"}
    ok 6 - flags {"nameAr":"توزيعات الشركاء"}
      ---
      duration_ms: 0.233725
      type: 'test'
      ...
    # Subtest: flags {"nameAr":"مسحوبات المالك"}
    ok 7 - flags {"nameAr":"مسحوبات المالك"}
      ---
      duration_ms: 0.090589
      type: 'test'
      ...
    # Subtest: does not flag {"nameEn":"Salaries","nameAr":"الرواتب"}
    ok 8 - does not flag {"nameEn":"Salaries","nameAr":"الرواتب"}
      ---
      duration_ms: 0.104919
      type: 'test'
      ...
    # Subtest: does not flag {"nameEn":"Green coffee purchasing","code":"AL-GREEN"}
    ok 9 - does not flag {"nameEn":"Green coffee purchasing","code":"AL-GREEN"}
      ---
      duration_ms: 0.085851
      type: 'test'
      ...
    # Subtest: does not flag {"nameEn":"VAT reserve"}
    ok 10 - does not flag {"nameEn":"VAT reserve"}
      ---
      duration_ms: 0.057059
      type: 'test'
      ...
    # Subtest: does not flag {"nameEn":"Operating reserve","nameAr":"الاحتياطي التشغيلي"}
    ok 11 - does not flag {"nameEn":"Operating reserve","nameAr":"الاحتياطي التشغيلي"}
      ---
      duration_ms: 0.047032
      type: 'test'
      ...
    1..11
ok 25 - D3b profit-like categories
  ---
  duration_ms: 2.236501
  type: 'suite'
  ...
1..25
# tests 52
# suites 8
# pass 52
# fail 0
# cancelled 0
# skipped 0
# todo 0
# duration_ms 587.799874
