Environment gate: required server configuration is present.
Loaded Prisma config from prisma.config.ts.

Prisma schema loaded from prisma/schema.prisma.

✔ Generated Prisma Client (7.8.0) to ./src/generated/prisma in 1.05s

▲ Next.js 16.2.4 (Turbopack)
- Environments: .env

  Creating an optimized production build ...
✓ Compiled successfully in 20.4s
  Running TypeScript ...
  Finished TypeScript in 53s ...
  Collecting page data using 3 workers ...
  Generating static pages using 3 workers (0/225) ...
  Generating static pages using 3 workers (56/225) 
  Generating static pages using 3 workers (112/225) 
  Generating static pages using 3 workers (168/225) 
✓ Generating static pages using 3 workers (225/225) in 1061ms
  Finalizing page optimization ...

Route (app)
┌ ƒ /
├ ƒ /_not-found
├ ƒ /api/accounting/audit
├ ƒ /api/accounting/bank
├ ƒ /api/accounting/bank/cash/[id]
├ ƒ /api/accounting/bank/categories/[id]
├ ƒ /api/accounting/bank/corrections
├ ƒ /api/accounting/bank/corrections/[id]/approve
├ ƒ /api/accounting/bank/corrections/[id]/reject
├ ƒ /api/accounting/bank/lines/[id]/corrections
├ ƒ /api/accounting/bank/posted-lines
├ ƒ /api/accounting/bills
├ ƒ /api/accounting/bills/[id]
├ ƒ /api/accounting/bills/[id]/approve
├ ƒ /api/accounting/bills/[id]/post
├ ƒ /api/accounting/bills/[id]/reject
├ ƒ /api/accounting/bills/[id]/reverse
├ ƒ /api/accounting/bills/[id]/submit
├ ƒ /api/accounting/bills/credit-allocations
├ ƒ /api/accounting/bills/credit-allocations/[id]/release
├ ƒ /api/accounting/coa
├ ƒ /api/accounting/coa/[id]
├ ƒ /api/accounting/commission-plans
├ ƒ /api/accounting/commission-plans/[id]/approve
├ ƒ /api/accounting/dimensions
├ ƒ /api/accounting/events
├ ƒ /api/accounting/events/[id]/process
├ ƒ /api/accounting/events/process
├ ƒ /api/accounting/export/qoyod
├ ƒ /api/accounting/fiscal-periods
├ ƒ /api/accounting/fiscal-periods/[id]/close
├ ƒ /api/accounting/fiscal-periods/[id]/close-check
├ ƒ /api/accounting/fiscal-periods/[id]/lock
├ ƒ /api/accounting/fiscal-periods/[id]/unlock
├ ƒ /api/accounting/fixed-assets
├ ƒ /api/accounting/fixed-assets/[id]
├ ƒ /api/accounting/fixed-assets/[id]/cancel
├ ƒ /api/accounting/fixed-assets/[id]/capitalise
├ ƒ /api/accounting/fixed-assets/[id]/return
├ ƒ /api/accounting/fixed-assets/[id]/submit
├ ƒ /api/accounting/fixed-assets/classes
├ ƒ /api/accounting/fixed-assets/classes/[id]/policies
├ ƒ /api/accounting/fixed-assets/disposals
├ ƒ /api/accounting/fixed-assets/disposals/[id]/approve
├ ƒ /api/accounting/fixed-assets/disposals/[id]/discard
├ ƒ /api/accounting/fixed-assets/disposals/[id]/reversal-decision
├ ƒ /api/accounting/fixed-assets/disposals/[id]/reverse
├ ƒ /api/accounting/fixed-assets/pickers
├ ƒ /api/accounting/fixed-assets/policies/[id]/approve
├ ƒ /api/accounting/fixed-assets/reconciliation
├ ƒ /api/accounting/fixed-assets/runs
├ ƒ /api/accounting/fixed-assets/runs/[id]
├ ƒ /api/accounting/fixed-assets/runs/[id]/approve
├ ƒ /api/accounting/fixed-assets/runs/[id]/discard
├ ƒ /api/accounting/fixed-assets/runs/[id]/reversal-decision
├ ƒ /api/accounting/fixed-assets/runs/[id]/reverse
├ ƒ /api/accounting/inventory/cost-pools
├ ƒ /api/accounting/inventory/cost-pools/[id]/approve
├ ƒ /api/accounting/inventory/cost-pools/[id]/retire
├ ƒ /api/accounting/inventory/costing
├ ƒ /api/accounting/inventory/costing/[invoiceId]/retry
├ ƒ /api/accounting/inventory/documents
├ ƒ /api/accounting/inventory/documents/[id]
├ ƒ /api/accounting/inventory/documents/[id]/approve
├ ƒ /api/accounting/inventory/documents/[id]/post
├ ƒ /api/accounting/inventory/documents/[id]/reject
├ ƒ /api/accounting/inventory/documents/[id]/submit
├ ƒ /api/accounting/inventory/from-purchase/[purchaseId]
├ ƒ /api/accounting/inventory/from-roasting/[batchId]
├ ƒ /api/accounting/inventory/items
├ ƒ /api/accounting/inventory/items/[id]/link
├ ƒ /api/accounting/inventory/items/[id]/units
├ ƒ /api/accounting/inventory/locations
├ ƒ /api/accounting/inventory/loss-bands
├ ƒ /api/accounting/inventory/loss-bands/[id]/approve
├ ƒ /api/accounting/inventory/loss-bands/[id]/retire
├ ƒ /api/accounting/inventory/ops-events
├ ƒ /api/accounting/inventory/ops-events/[id]/ignore
├ ƒ /api/accounting/inventory/ops-events/[id]/link
├ ƒ /api/accounting/inventory/ops-events/[id]/retry
├ ƒ /api/accounting/inventory/pickers
├ ƒ /api/accounting/inventory/reports/absorption
├ ƒ /api/accounting/inventory/reports/grni
├ ƒ /api/accounting/inventory/reports/gross-margin
├ ƒ /api/accounting/inventory/reports/operational
├ ƒ /api/accounting/inventory/reports/ops-reconciliation
├ ƒ /api/accounting/inventory/reports/stock-card
├ ƒ /api/accounting/inventory/reports/valuation
├ ƒ /api/accounting/inventory/returns
├ ƒ /api/accounting/inventory/returns/[id]/approve
├ ƒ /api/accounting/inventory/returns/[id]/post
├ ƒ /api/accounting/inventory/returns/[id]/receive
├ ƒ /api/accounting/inventory/returns/[id]/reject
├ ƒ /api/accounting/inventory/settings
├ ƒ /api/accounting/journals
├ ƒ /api/accounting/journals/[id]
├ ƒ /api/accounting/journals/[id]/approve
├ ƒ /api/accounting/journals/[id]/post
├ ƒ /api/accounting/journals/[id]/reject
├ ƒ /api/accounting/journals/[id]/reverse
├ ƒ /api/accounting/journals/[id]/submit
├ ƒ /api/accounting/mappings
├ ƒ /api/accounting/overview
├ ƒ /api/accounting/policies
├ ƒ /api/accounting/policies/[id]
├ ƒ /api/accounting/policies/[id]/approve
├ ƒ /api/accounting/receivables/advances
├ ƒ /api/accounting/receivables/advances/[id]/reverse
├ ƒ /api/accounting/receivables/credits
├ ƒ /api/accounting/receivables/customers
├ ƒ /api/accounting/receivables/customers/[id]
├ ƒ /api/accounting/receivables/from-order/[orderId]
├ ƒ /api/accounting/receivables/invoices
├ ƒ /api/accounting/receivables/invoices/[id]
├ ƒ /api/accounting/receivables/invoices/[id]/approve
├ ƒ /api/accounting/receivables/invoices/[id]/post
├ ƒ /api/accounting/receivables/invoices/[id]/reject
├ ƒ /api/accounting/receivables/invoices/[id]/reverse
├ ƒ /api/accounting/receivables/invoices/[id]/submit
├ ƒ /api/accounting/receivables/orders
├ ƒ /api/accounting/receivables/receipts
├ ƒ /api/accounting/receivables/receipts/[id]
├ ƒ /api/accounting/reports/ap-aging
├ ƒ /api/accounting/reports/ar-aging
├ ƒ /api/accounting/reports/balance-sheet
├ ƒ /api/accounting/reports/bank-reconciliation
├ ƒ /api/accounting/reports/cash-flow
├ ƒ /api/accounting/reports/commission-reconciliation
├ ƒ /api/accounting/reports/customer-statement
├ ƒ /api/accounting/reports/general-ledger
├ ƒ /api/accounting/reports/income-statement
├ ƒ /api/accounting/reports/supplier-statement
├ ƒ /api/accounting/reports/trial-balance
├ ƒ /api/accounting/settings
├ ƒ /api/accounting/setup/template
├ ƒ /api/accounting/suppliers
├ ƒ /api/accounting/suppliers/[id]
├ ƒ /api/accounting/tax-categories
├ ƒ /api/accounting/tax-categories/[id]
├ ƒ /api/accounting/tax/customers/[id]
├ ƒ /api/accounting/tax/einvoices
├ ƒ /api/accounting/tax/einvoices/[id]
├ ƒ /api/accounting/tax/einvoices/[id]/revalidate
├ ƒ /api/accounting/tax/einvoices/[id]/submit
├ ƒ /api/accounting/tax/einvoices/[id]/xml
├ ƒ /api/accounting/tax/einvoices/generate
├ ƒ /api/accounting/tax/profile
├ ƒ /api/accounting/tax/profile/[id]/approve
├ ƒ /api/accounting/tax/profile/[id]/discard
├ ƒ /api/accounting/tax/vat-return
├ ƒ /api/accounting/year-end
├ ƒ /api/accounting/year-end/[id]/approve
├ ƒ /api/accounting/year-end/[id]/cancel
├ ƒ /api/accounting/year-end/[id]/reopen
├ ƒ /api/accounting/year-end/[id]/reopen-decision
├ ƒ /api/accounting/year-end/opening
├ ƒ /api/admin/reset
├ ƒ /api/admin/training-reset
├ ƒ /api/analytics
├ ƒ /api/auth/login
├ ƒ /api/auth/me
├ ƒ /api/coffee-products
├ ƒ /api/coffee-products/summary
├ ƒ /api/commissions/assignments
├ ƒ /api/commissions/me
├ ƒ /api/commissions/plans
├ ƒ /api/commissions/plans/[id]/versions
├ ƒ /api/commissions/review
├ ƒ /api/commissions/review/actions
├ ƒ /api/commissions/sandbox-collections
├ ƒ /api/cupping/sessions
├ ƒ /api/cupping/sessions/[id]
├ ƒ /api/cupping/sessions/[id]/close
├ ƒ /api/cupping/sessions/[id]/scores
├ ƒ /api/customers
├ ƒ /api/customers/[id]
├ ƒ /api/customers/[id]/preferences
├ ƒ /api/customers/[id]/preferences/[prefId]
├ ƒ /api/dashboard/predictions
├ ƒ /api/dashboard/stats
├ ƒ /api/deliveries
├ ƒ /api/employees
├ ƒ /api/employees/[id]
├ ƒ /api/export
├ ƒ /api/finance/accounts
├ ƒ /api/finance/allocations/manual
├ ƒ /api/finance/allocations/run
├ ƒ /api/finance/allocations/transfer
├ ƒ /api/finance/approvals
├ ƒ /api/finance/approvals/[id]/decide
├ ƒ /api/finance/approvals/[id]/withdraw
├ ƒ /api/finance/attachments/[id]
├ ƒ /api/finance/audit
├ ƒ /api/finance/budgets
├ ƒ /api/finance/budgets/[id]
├ ƒ /api/finance/budgets/[id]/close
├ ƒ /api/finance/budgets/[id]/drilldown
├ ƒ /api/finance/budgets/[id]/lines
├ ƒ /api/finance/budgets/[id]/notes
├ ƒ /api/finance/budgets/[id]/reopen
├ ƒ /api/finance/budgets/[id]/revise
├ ƒ /api/finance/budgets/[id]/snapshots
├ ƒ /api/finance/budgets/[id]/submit
├ ƒ /api/finance/categories
├ ƒ /api/finance/categories/[id]
├ ƒ /api/finance/categories/[id]/sweep
├ ƒ /api/finance/export
├ ƒ /api/finance/forecast
├ ƒ /api/finance/forecast-items
├ ƒ /api/finance/forecast-items/[id]/close
├ ƒ /api/finance/imports
├ ƒ /api/finance/imports/preview
├ ƒ /api/finance/matches/[id]/remove
├ ƒ /api/finance/notes/[id]/resolve
├ ƒ /api/finance/obligations
├ ƒ /api/finance/obligations/[id]/cancel
├ ƒ /api/finance/obligations/[id]/supersede
├ ƒ /api/finance/overview
├ ƒ /api/finance/payments
├ ƒ /api/finance/pools
├ ƒ /api/finance/reconciliations
├ ƒ /api/finance/reconciliations/preview
├ ƒ /api/finance/reservations
├ ƒ /api/finance/reservations/[id]/execute
├ ƒ /api/finance/reservations/[id]/release
├ ƒ /api/finance/rules
├ ƒ /api/finance/rules/[id]
├ ƒ /api/finance/rules/[id]/submit
├ ƒ /api/finance/rules/preview
├ ƒ /api/finance/setup
├ ƒ /api/finance/setup/branch-access
├ ƒ /api/finance/setup/branches
├ ƒ /api/finance/setup/cost-centers
├ ƒ /api/finance/setup/fin-categories
├ ƒ /api/finance/setup/recommended
├ ƒ /api/finance/setup/settings
├ ƒ /api/finance/transactions
├ ƒ /api/finance/transactions/[id]
├ ƒ /api/finance/transactions/[id]/attachments
├ ƒ /api/finance/transactions/[id]/collection
├ ƒ /api/finance/transactions/[id]/confirm
├ ƒ /api/finance/transactions/[id]/matches
├ ƒ /api/finance/transactions/[id]/resolve-duplicate
├ ƒ /api/finance/transactions/[id]/review
├ ƒ /api/finance/transactions/[id]/void
├ ƒ /api/finance/transfers
├ ƒ /api/finance/transfers/link
├ ƒ /api/finished-goods-lots
├ ƒ /api/green-beans
├ ƒ /api/green-beans/[id]
├ ƒ /api/guest-qc/[batchId]/[token]
├ ƒ /api/health
├ ƒ /api/inventory-movements
├ ƒ /api/inventory/accounting-status
├ ƒ /api/inventory/adjust
├ ƒ /api/materials
├ ƒ /api/materials/[id]
├ ƒ /api/order-items/[id]/fulfillment-options
├ ƒ /api/order-items/[id]/production-requirement
├ ƒ /api/orders
├ ƒ /api/orders/[id]
├ ƒ /api/orders/[id]/activities
├ ƒ /api/orders/[id]/approve
├ ƒ /api/orders/[id]/preparation-review
├ ƒ /api/orders/[id]/status
├ ƒ /api/orders/fulfillment-preview
├ ƒ /api/product-skus
├ ƒ /api/production-orders
├ ƒ /api/production-orders/[id]
├ ƒ /api/production-orders/[id]/batches
├ ƒ /api/production-orders/[id]/status
├ ƒ /api/products
├ ƒ /api/products/[id]
├ ƒ /api/products/[id]/bom
├ ƒ /api/profile
├ ƒ /api/public/cupping/[id]/score
├ ƒ /api/public/cupping/session/[token]
├ ƒ /api/purchases
├ ƒ /api/qc-records
├ ƒ /api/qc-records/[id]
├ ƒ /api/qc-records/[id]/corrections
├ ƒ /api/qc-records/bulk-finalize
├ ƒ /api/qc/[batchId]/finalize
├ ƒ /api/qc/[batchId]/invite
├ ƒ /api/qc/[batchId]/records
├ ƒ /api/roasting-batches
├ ƒ /api/roasting-batches/[id]
├ ƒ /api/roasting-batches/[id]/date
├ ƒ /api/roasting-batches/[id]/pack
├ ƒ /api/roasting-batches/[id]/pack-sku
├ ƒ /api/roasting-batches/[id]/package
├ ƒ /api/roasting-batches/blend
├ ƒ /api/roasting-batches/serial-lookup
├ ƒ /api/sales/activities
├ ƒ /api/sales/activities/[id]
├ ƒ /api/sales/collections
├ ƒ /api/sales/collections/[id]/actions
├ ƒ /api/sales/collections/[id]/evidence
├ ƒ /api/sales/collections/[id]/evidence/[evidenceId]
├ ƒ /api/sales/leads
├ ƒ /api/sales/leads/[id]
├ ƒ /api/sales/leads/[id]/convert
├ ƒ /api/sales/leads/export
├ ƒ /api/sales/leads/import
├ ƒ /api/sales/opportunities
├ ƒ /api/sales/opportunities/[id]
├ ƒ /api/sales/opportunities/[id]/owners
├ ƒ /api/sales/opportunities/[id]/transition
├ ƒ /api/sales/quotes
├ ƒ /api/sales/quotes/[id]
├ ƒ /api/sales/quotes/[id]/create-order
├ ƒ /api/sales/quotes/[id]/revise
├ ƒ /api/sales/quotes/[id]/transition
├ ƒ /api/sales/reports
├ ƒ /api/sales/samples
├ ƒ /api/sales/samples/[id]
├ ƒ /api/sales/stages
├ ƒ /api/sales/targets
├ ƒ /api/settings/logo
├ ƒ /api/suppliers
├ ƒ /api/translate
├ ƒ /dashboard
├ ƒ /dashboard/accounting
├ ƒ /dashboard/accounting/accounts
├ ƒ /dashboard/accounting/assets
├ ƒ /dashboard/accounting/assets/[id]
├ ƒ /dashboard/accounting/assets/new
├ ƒ /dashboard/accounting/assets/runs
├ ƒ /dashboard/accounting/assets/setup
├ ƒ /dashboard/accounting/automation
├ ƒ /dashboard/accounting/bank
├ ƒ /dashboard/accounting/inventory
├ ƒ /dashboard/accounting/inventory/documents
├ ƒ /dashboard/accounting/inventory/documents/[id]
├ ƒ /dashboard/accounting/inventory/documents/new
├ ƒ /dashboard/accounting/inventory/exceptions
├ ƒ /dashboard/accounting/inventory/grni
├ ƒ /dashboard/accounting/inventory/margin
├ ƒ /dashboard/accounting/inventory/returns
├ ƒ /dashboard/accounting/inventory/setup
├ ƒ /dashboard/accounting/inventory/stock-card
├ ƒ /dashboard/accounting/journals
├ ƒ /dashboard/accounting/journals/[id]
├ ƒ /dashboard/accounting/journals/new
├ ƒ /dashboard/accounting/payables
├ ƒ /dashboard/accounting/payables/[id]
├ ƒ /dashboard/accounting/payables/aging
├ ƒ /dashboard/accounting/payables/new
├ ƒ /dashboard/accounting/periods
├ ƒ /dashboard/accounting/periods/year-end
├ ƒ /dashboard/accounting/receivables
├ ƒ /dashboard/accounting/receivables/[id]
├ ƒ /dashboard/accounting/receivables/aging
├ ƒ /dashboard/accounting/receivables/new
├ ƒ /dashboard/accounting/receivables/receipts
├ ƒ /dashboard/accounting/reports
├ ƒ /dashboard/accounting/tax
├ ƒ /dashboard/accounting/tax/profile
├ ƒ /dashboard/accounting/tax/vat-return
├ ƒ /dashboard/analytics
├ ƒ /dashboard/commissions/plans
├ ƒ /dashboard/commissions/review
├ ƒ /dashboard/cupping
├ ƒ /dashboard/cupping/[id]
├ ƒ /dashboard/customers
├ ƒ /dashboard/dispatch
├ ƒ /dashboard/employees
├ ƒ /dashboard/finance
├ ƒ /dashboard/finance/allocation
├ ƒ /dashboard/finance/budget
├ ƒ /dashboard/finance/obligations
├ ƒ /dashboard/finance/reports
├ ƒ /dashboard/finance/transactions
├ ƒ /dashboard/history
├ ƒ /dashboard/inventory
├ ƒ /dashboard/labels
├ ƒ /dashboard/orders
├ ƒ /dashboard/packaging
├ ƒ /dashboard/production
├ ƒ /dashboard/production-orders
├ ƒ /dashboard/production-orders/[id]
├ ƒ /dashboard/products
├ ƒ /dashboard/profile
├ ƒ /dashboard/purchases
├ ƒ /dashboard/qc
├ ƒ /dashboard/sales/activities
├ ƒ /dashboard/sales/collections
├ ƒ /dashboard/sales/deals/[id]
├ ƒ /dashboard/sales/leads
├ ƒ /dashboard/sales/leads/[id]
├ ƒ /dashboard/sales/my-commissions
├ ƒ /dashboard/sales/pipeline
├ ƒ /dashboard/sales/quotes
├ ƒ /dashboard/sales/quotes/[id]
├ ƒ /dashboard/sales/quotes/[id]/print
├ ƒ /dashboard/sales/quotes/new
├ ƒ /dashboard/sales/reports
├ ƒ /dashboard/sales/settings
├ ƒ /dashboard/sales/targets
├ ƒ /dashboard/settings
├ ƒ /dashboard/workstation/preparation
├ ƒ /guest-cupping/[id]
├ ƒ /guest-cupping/session/[token]
├ ƒ /guest-qc/[batchId]/[token]
└ ƒ /login


ƒ  (Dynamic)  server-rendered on demand

