TAP version 13
# Subtest: D1 exactly-once cash protection
    # Subtest: request → recorded payment → pending bank line → settled line → duplicate import: available falls once
    ok 1 - request → recorded payment → pending bank line → settled line → duplicate import: available falls once
      ---
      duration_ms: 615.185396
      type: 'test'
      ...
    # Subtest: bank feed first: an imported pending line for the request's amount counts once before it is linked
    ok 2 - bank feed first: an imported pending line for the request's amount counts once before it is linked
      ---
      duration_ms: 253.30637
      type: 'test'
      ...
    # Subtest: cancellation and failure restore availability only when the commitment is actually released
    ok 3 - cancellation and failure restore availability only when the commitment is actually released
      ---
      duration_ms: 314.553048
      type: 'test'
      ...
    # Subtest: an unmatched imported pending outflow is routed for review, then counted once
    ok 4 - an unmatched imported pending outflow is routed for review, then counted once
      ---
      duration_ms: 220.688884
      type: 'test'
      ...
    # Subtest: concurrent requests: one line pays one request, a request is paid once, allocations never exceed what is available
    ok 5 - concurrent requests: one line pays one request, a request is paid once, allocations never exceed what is available
      ---
      duration_ms: 324.318252
      type: 'test'
      ...
    1..5
ok 1 - D1 exactly-once cash protection
  ---
  duration_ms: 1729.23875
  type: 'suite'
  ...
# Subtest: finance — database integration
    # Subtest: ACCEPTANCE 1 end-to-end: 10,000 via approved rules → 6,500/500/1,800/700/500
    ok 1 - ACCEPTANCE 1 end-to-end: 10,000 via approved rules → 6,500/500/1,800/700/500
      ---
      duration_ms: 502.485479
      type: 'test'
      ...
    # Subtest: ACCEPTANCE 2 — reimporting a statement and retrying an allocation duplicate nothing
    ok 2 - ACCEPTANCE 2 — reimporting a statement and retrying an allocation duplicate nothing
      ---
      duration_ms: 234.524524
      type: 'test'
      ...
    # Subtest: ACCEPTANCE 3 — concurrent allocation requests cannot spend the same cash twice
    ok 3 - ACCEPTANCE 3 — concurrent allocation requests cannot spend the same cash twice
      ---
      duration_ms: 267.999715
      type: 'test'
      ...
    # Subtest: ACCEPTANCE 4 — a transfer between company accounts adds no revenue and no consolidated cash
    ok 4 - ACCEPTANCE 4 — a transfer between company accounts adds no revenue and no consolidated cash
      ---
      duration_ms: 188.826644
      type: 'test'
      ...
    # Subtest: ACCEPTANCE 5 — reaching a monthly funding target stops further funding
    ok 5 - ACCEPTANCE 5 — reaching a monthly funding target stops further funding
      ---
      duration_ms: 286.530536
      type: 'test'
      ...
    # Subtest: ACCEPTANCE 6 — a replenishable reserve refills after spending; a monthly cap does not
    ok 6 - ACCEPTANCE 6 — a replenishable reserve refills after spending; a monthly cap does not
      ---
      duration_ms: 287.453552
      type: 'test'
      ...
    # Subtest: ACCEPTANCE 7 — an expected but unreceived payment does not increase available cash
    ok 7 - ACCEPTANCE 7 — an expected but unreceived payment does not increase available cash
      ---
      duration_ms: 165.949166
      type: 'test'
      ...
    # Subtest: ACCEPTANCE 8 — reserve then execute: no double deduction
    ok 8 - ACCEPTANCE 8 — reserve then execute: no double deduction
      ---
      duration_ms: 202.816075
      type: 'test'
      ...
    # Subtest: ACCEPTANCE 9 — cancellations, refunds, partial receipts and gateway fees
    ok 9 - ACCEPTANCE 9 — cancellations, refunds, partial receipts and gateway fees
      ---
      duration_ms: 346.326119
      type: 'test'
      ...
    # Subtest: ACCEPTANCE 13 — forecasts and revisions never change the approved budget
    ok 10 - ACCEPTANCE 13 — forecasts and revisions never change the approved budget
      ---
      duration_ms: 200.888634
      type: 'test'
      ...
    # Subtest: ACCEPTANCE 15 — PO → bill → payment counts the obligation once
    ok 11 - ACCEPTANCE 15 — PO → bill → payment counts the obligation once
      ---
      duration_ms: 182.624873
      type: 'test'
      ...
    # Subtest: ACCEPTANCE 16 (service layer) — duties are enforced regardless of the UI
    ok 12 - ACCEPTANCE 16 (service layer) — duties are enforced regardless of the UI
      ---
      duration_ms: 199.411215
      type: 'test'
      ...
    # Subtest: ACCEPTANCE 17 — branch isolation on reads and writes
    ok 13 - ACCEPTANCE 17 — branch isolation on reads and writes
      ---
      duration_ms: 161.997128
      type: 'test'
      ...
    # Subtest: ACCEPTANCE 18 — allocated + unallocated = eligible cash; restricted and pending explained
    ok 14 - ACCEPTANCE 18 — allocated + unallocated = eligible cash; restricted and pending explained
      ---
      duration_ms: 158.737021
      type: 'test'
      ...
    # Subtest: ACCEPTANCE 19 — accounting net profit is never inferred from receipts minus payments
    ok 15 - ACCEPTANCE 19 — accounting net profit is never inferred from receipts minus payments
      ---
      duration_ms: 191.218927
      type: 'test'
      ...
    # Subtest: WORKFLOW — budget → approve → import → match & classify → allocate → reserve & pay → actuals & variance
    ok 16 - WORKFLOW — budget → approve → import → match & classify → allocate → reserve & pay → actuals & variance
      ---
      duration_ms: 382.834023
      type: 'test'
      ...
    1..16
ok 2 - finance — database integration
  ---
  duration_ms: 3963.153632
  type: 'suite'
  ...
# Subtest: financial lifecycle
    # Subtest: receipt → confirm → allocate → approve & reserve → pay outside → statement import confirms the same lines (no second outflow or actual)
    ok 1 - receipt → confirm → allocate → approve & reserve → pay outside → statement import confirms the same lines (no second outflow or actual)
      ---
      duration_ms: 730.670665
      type: 'test'
      ...
    # Subtest: ambiguous statement line is flagged, then merged by a reviewer without a second outflow
    ok 2 - ambiguous statement line is flagged, then merged by a reviewer without a second outflow
      ---
      duration_ms: 181.529509
      type: 'test'
      ...
    # Subtest: opening balances are not receipts and cannot be allocated twice
    ok 3 - opening balances are not receipts and cannot be allocated twice
      ---
      duration_ms: 234.360049
      type: 'test'
      ...
    1..3
ok 3 - financial lifecycle
  ---
  duration_ms: 1147.497482
  type: 'suite'
  ...
# Subtest: database controls under the application role (finance_app)
    # Subtest: role is not superuser/owner and cannot truncate or disable triggers
    ok 1 - role is not superuser/owner and cannot truncate or disable triggers
      ---
      duration_ms: 83.889355
      type: 'test'
      ...
    # Subtest: append-only ledgers, protected approved budgets and four-eyes approvals hold in SQL
    ok 2 - append-only ledgers, protected approved budgets and four-eyes approvals hold in SQL
      ---
      duration_ms: 164.608424
      type: 'test'
      ...
    # Subtest: no self-approval bypass: the application role cannot enable one, forge one, or skip the request
    ok 3 - no self-approval bypass: the application role cannot enable one, forge one, or skip the request
      ---
      duration_ms: 208.24792
      type: 'test'
      ...
    # Subtest: a category's named approver cannot be the person raising the request
    ok 4 - a category's named approver cannot be the person raising the request
      ---
      duration_ms: 131.272495
      type: 'test'
      ...
    1..4
ok 4 - database controls under the application role (finance_app)
  ---
  duration_ms: 588.953348
  type: 'suite'
  ...
# Subtest: sales collection ↔ bank receipt (integration branch)
    # Subtest: approving a collection moves no finance cash, allocation or actual
    ok 1 - approving a collection moves no finance cash, allocation or actual
      ---
      duration_ms: 517.77279
      type: 'test'
      ...
    # Subtest: statement receipt is the only cash; allocation and actual counted once, even when retried or raced
    ok 2 - statement receipt is the only cash; allocation and actual counted once, even when retried or raced
      ---
      duration_ms: 343.109803
      type: 'test'
      ...
    # Subtest: one collection ↔ one bank line: a second link either way is refused (service and database)
    ok 3 - one collection ↔ one bank line: a second link either way is refused (service and database)
      ---
      duration_ms: 271.839865
      type: 'test'
      ...
    # Subtest: a reversed collection flags the link and changes no cash until a refund line exists
    ok 4 - a reversed collection flags the link and changes no cash until a refund line exists
      ---
      duration_ms: 310.38576
      type: 'test'
      ...
    # Subtest: re-import after linking inserts nothing and keeps the link
    ok 5 - re-import after linking inserts nothing and keeps the link
      ---
      duration_ms: 191.985592
      type: 'test'
      ...
    # Subtest: the review panel suggestion: an approved collection is offered with its details, linking shows it as linked
    ok 6 - the review panel suggestion: an approved collection is offered with its details, linking shows it as linked
      ---
      duration_ms: 187.200591
      type: 'test'
      ...
    1..6
ok 5 - sales collection ↔ bank receipt (integration branch)
  ---
  duration_ms: 1823.659694
  type: 'suite'
  ...
# Subtest: D5 cancelling an obligation
    # Subtest: a reason is required
    ok 1 - a reason is required
      ---
      duration_ms: 261.329184
      type: 'test'
      ...
    # Subtest: open payment requests are released with their own audit entry; without the allocate duty it is refused
    ok 2 - open payment requests are released with their own audit entry; without the allocate duty it is refused
      ---
      duration_ms: 209.525666
      type: 'test'
      ...
    # Subtest: a partly paid obligation: the payment stays recorded, only the remainder is cancelled
    ok 3 - a partly paid obligation: the payment stays recorded, only the remainder is cancelled
      ---
      duration_ms: 141.725663
      type: 'test'
      ...
    1..3
ok 6 - D5 cancelling an obligation
  ---
  duration_ms: 613.67548
  type: 'suite'
  ...
# Subtest: D6 branch access and optional suggestions
    # Subtest: only an administrator who may edit employees changes branch access; never their own; every change audited
    ok 1 - only an administrator who may edit employees changes branch access; never their own; every change audited
      ---
      duration_ms: 74.489337
      type: 'test'
      ...
    # Subtest: finance works without the suggested categories
    ok 2 - finance works without the suggested categories
      ---
      duration_ms: 333.458125
      type: 'test'
      ...
    1..2
ok 7 - D6 branch access and optional suggestions
  ---
  duration_ms: 408.237923
  type: 'suite'
  ...
# Subtest: D4a budget rows: verified zero vs not yet verified
    # Subtest: indicators are per row: direction, category and reconciliation
    ok 1 - indicators are per row: direction, category and reconciliation
      ---
      duration_ms: 222.680309
      type: 'test'
      ...
    1..1
ok 8 - D4a budget rows: verified zero vs not yet verified
  ---
  duration_ms: 223.057394
  type: 'suite'
  ...
1..8
# tests 40
# suites 8
# pass 40
# fail 0
# cancelled 0
# skipped 0
# todo 0
# duration_ms 13199.681843
