TAP version 13
# Subtest: goods receipt: duties, idempotent creation, four-eyes, one posting under concurrency
ok 1 - goods receipt: duties, idempotent creation, four-eyes, one posting under concurrency
  ---
  duration_ms: 537.670304
  type: 'test'
  ...
# Subtest: cost of sales is not entered by hand; a draft is edited or deleted only by its preparer's duty
ok 2 - cost of sales is not entered by hand; a draft is edited or deleted only by its preparer's duty
  ---
  duration_ms: 201.841986
  type: 'test'
  ...
# Subtest: a roasting batch becomes a production; the loss is within the approved band; reports tie to the ledger
ok 3 - a roasting batch becomes a production; the loss is within the approved band; reports tie to the ledger
  ---
  duration_ms: 256.125422
  type: 'test'
  ...
# Subtest: back-dating over a posted movement is refused over HTTP
ok 4 - back-dating over a posted movement is refused over HTTP
  ---
  duration_ms: 228.096704
  type: 'test'
  ...
# Subtest: the runtime role cannot bypass the inventory guards in SQL
ok 5 - the runtime role cannot bypass the inventory guards in SQL
  ---
  duration_ms: 11.49801
  type: 'test'
  ...
1..5
# tests 5
# suites 0
# pass 5
# fail 0
# cancelled 0
# skipped 0
# todo 0
# duration_ms 1354.680904
